<!DOCTYPE html>
<html lang="en">

<head>
    <meta charset="utf-8">
    <meta http-equiv="X-UA-Compatible" content="IE=edge">
    <meta name="viewport" content="width=device-width, initial-scale=1">
    <title>Golden</title>
    <link href="https://maxcdn.bootstrapcdn.com/bootstrap/3.3.7/css/bootstrap.min.css" rel="stylesheet">
    <link href="../Assets/styles/animate.css" rel="stylesheet">
    <link href="../Assets/styles/style.css" rel="stylesheet">
    <link href="https://fonts.googleapis.com/css?family=Droid+Serif:400i|Montserrat:700|Roboto+Slab" rel="stylesheet">
</head>

<body>
    <section class="first-section-wrapper">
        <nav class="navbar navbar-default navbar-custom ">
            <div class="container">
                <div class="navbar-header">
                    <button type="button" class="navbar-toggle collapsed" data-toggle="collapse" data-target="#header-navbar-collapse" aria-expanded="false">
                        <span class="sr-only">Toggle navigation</span>
                        <span class="icon-bar"></span>
                        <span class="icon-bar"></span>
                        <span class="icon-bar"></span>
                    </button>
                    <a class="navbar-brand" href="#"><img src="../Assets/images/logo.png" alt="Golden Logo"></a>
                </div>
                <div class="collapse navbar-collapse" id="header-navbar-collapse">
                    <ul class="nav navbar-nav navbar-right">
                        <li><a href="#">Home</a></li>
                        <li><a href="#">Services</a></li>
                        <li><a href="#">Portfolio</a></li>
                        <li><a href="#">About</a></li>
                        <li><a href="#">Contact</a></li>
                    </ul>
                </div>
            </div>
        </nav>
        <div class="container home">
            <div class="row home-content text-center">
                <div class="col-xs-12 welcome-msg-1">Welcome to our studio!</div>
                <div class="col-xs-12 welcome-msg-2">It's nice to meet you</div>
                <a href="#" class="home-button">Tell me more</a>
            </div>
        </div>
    </section>
    <section class="container services-container text-center">
        <div class="services-content">
            <div class="row">
                <div class="title">Services</div>
                <div class="sub-title">Lorem ipsum dolorem quid quo</div>
            </div>
            <div class="row services">
                <div class="col-xs-12 col-sm-6 col-md-4 animated fadeInUp">
                    <img src="../Assets/images/ecommerce-icon.png" />
                    <h4 class="name">E-Commerce</h4>
                    <p class="description">Lorem ipsum dolor sit amet, consectetur adipiscing elit. Mauris sed diam ac lectus ullamcorper elementum. Aenean eu pellentesque libero. Integer urna nunc, ultricies a velit quis, feugiat eleifend arcu.</p>
                </div>
                <div class="col-xs-12 col-sm-6 col-md-4 animated fadeInUp">
                    <img src="../Assets/images/responsive-web-icon.png" />
                    <h4 class="name">Responsive Web</h4>
                    <p class="description">Vestibulum ante ipsum primis in faucibus orci luctus et ultrices posuere cubilia Curae; Duis nec nunc porttitor odio vestibulum porttitor at vitae massa. </p>
                </div>
                <div class="col-xs-12 col-sm-6 col-md-4 animated fadeInUp">
                    <img src="../Assets/images/web-security-icon.png" />
                    <h4 class="name">Web Security</h4>
                    <p class="description">Phasellus fermentum augue sit amet sapien lobortis interdum. Nunc eu leo et tellus tempor interdum. Sed sagittis tortor sit amet dui accumsan, vitae vehicula felis scelerisque.</p>
                </div>
            </div>
        </div>
    </section>
    <section class="jumbotron portfolio-container text-center">
        </div>
        <div class="container">
            <div class="portfolio-content">
                <div class="row">
                    <div class="title">Portfolio</div>
                    <div class="sub-title">Lorem ipsum dolorem quid quo</div>
                </div>
                <div class="row portfolio">
                    <div class="col-xs-12 col-sm-6 col-md-4">
                        <img src="../Assets/images/portfolio-1.png" />
                        <div class="name-description">
                            <h4 class="name">Ebony & Ivory</h4>
                            <p class="description">Branding</p>
                        </div>
                    </div>
                    <div class="col-xs-12 col-sm-6 col-md-4">
                        <img src="../Assets/images/portfolio-2.png" />
                        <div class="name-description">
                            <h4 class="name">Smart Stationary</h4>
                            <p class="description">Print Design</p>
                        </div>
                    </div>
                    <div class="col-xs-12 col-sm-6 col-md-4">
                        <img src="../Assets/images/portfolio-3.png" />
                        <div class="name-description">
                            <h4 class="name">Clever Poster</h4>
                            <p class="description">Print Design</p>
                        </div>
                    </div>
                    <div class="col-xs-12 col-sm-6 col-md-4">
                        <img src="../Assets/images/portfolio-4.png" />
                        <div class="name-description">
                            <h4 class="name">Vinyl Record</h4>
                            <p class="description">Product Mock-Up</p>
                        </div>
                    </div>
                    <div class="col-xs-12 col-sm-6 col-md-4">
                        <img src="../Assets/images/portfolio-5.png" />
                        <div class="name-description">
                            <h4 class="name">Treehouse Template</h4>
                            <p class="description">Web Design</p>
                        </div>
                    </div>
                    <div class="col-xs-12 col-sm-6 col-md-4">
                        <img src="../Assets/images/portfolio-6.png" />
                        <div class="name-description">
                            <h4 class="name">Burned Logo</h4>
                            <p class="description">Branding</p>
                        </div>
                    </div>
                </div>
            </div>
    </section>
    <section class="about-us-container text-center">
        <div class="container about-us-content">
            <div class="row">
                <div class="title">About Us</div>
                <div class="sub-title">Lorem ipsum dolorem quid quo</div>
            </div>
            <div class="container about-us">
                <div class="row odd">
                    <img class="odd-row-image" src="../Assets/images/about-us-1.jpg" />
                    <div class="col-xs-7 col-xs-offset-5 col-sm-4 col-sm-offset-0  col-md-4 col-lg-4 col-lg-offset-1 timeline-text">
                        <h4>July 2010</h4>
                        <h4>Our Humble Begginings</h4>
                        <div class="about-us-desc">Proin iaculis purus consequat sem cure digni ssim. Donec porttitora entum suscipit aenean rhoncus posuere odio in tincidunt. Proin iaculis purus consequat sem cure digni ssim. Donec porttitora entum suscipit.</div>
                    </div>
                </div>
                <div class="row even">
                    <img class="even-row-image" src="../Assets/images/about-us-2.jpg" />
                    <div class="col-xs-7 col-xs-offset-5 col-sm-4 col-sm-offset-8 col-md-4 col-md-offset-8 col-lg-4 col-lg-offset-7 timeline-text">
                        <h4>January 2011</h4>
                        <h4>Facing Startup Battles</h4>
                        <div class="about-us-desc">Proin iaculis purus consequat sem cure digni ssim. Donec porttitora entum suscipit aenean rhoncus posuere odio in tincidunt. Proin iaculis purus consequat sem cure digni ssim. Donec porttitora entum suscipit aenean rhoncus posuere odio in tincidunt.</div>
                    </div>
                </div>
                <div class="row odd">
                    <img class="odd-row-image" src="../Assets/images/about-us-3.jpg" />
                    <div class="col-xs-7 col-xs-offset-5 col-sm-4 col-sm-offset-0  col-md-4 col-lg-4 col-lg-offset-1 timeline-text">
                        <h4>December 2012</h4>
                        <h4>Enter The Dark Days</h4>
                        <div class="about-us-desc">Proin iaculis purus consequat sem cure digni ssim. Donec porttitora entum suscipit aenean rhoncus posuere odio in tincidunt. Proin iaculis purus consequat sem cure digni.</div>
                    </div>
                </div>
                <div class="row even">
                    <img class="even-row-image" src="../Assets/images/about-us-4.jpg" />
                    <div class="col-xs-7 col-xs-offset-5 col-sm-4 col-sm-offset-8 col-md-4 col-md-offset-8 col-lg-4 col-lg-offset-7 timeline-text">
                        <h4>February 2014</h4>
                        <h4>Our Triumph</h4>
                        <div class="about-us-desc">Proin iaculis purus consequat sem cure digni ssim. Donec porttitora entum suscipit aenean rhoncus posuere odio in tincidunt. Proin iaculis purus consequat sem cure digni ssim. Donec porttitora entum suscipit aenean.</div>
                    </div>
                </div>
                <div class="row odd">
                    <div class="odd-row-image last">Our Story Continues ...</div>
                </div>
            </div>
        </div>
    </section>
    <section class="our-team-container text-center">
        <div class="container our-team-content">
            <div class="row">
                <div class="title">Our Amazing Team</div>
                <div class="sub-title">Lorem ipsum dolorem quid quo</div>
            </div>
            <div class="container our-team">
                <div class="row">
                    <div class="col-xs-12 col-sm-6 col-md-4">
                        <img src="../Assets/images/our-team-3.jpg">
                        <h4>Kimberly Thompson</h4>
                        <div class="role">Marketer</div>
                        <div>
                            <div class="twitter"></div>
                            <div class="facebook"></div>
                            <div class="pinterest"></div>
                        </div>
                    </div>
                    <div class="col-xs-12 col-sm-6 col-md-4">
                        <img src="../Assets/images/our-team-2.jpg">
                        <h4>Rico Massimo</h4>
                        <div class="role">Coder</div>
                        <div>
                            <div class="twitter"></div>
                            <div class="facebook"></div>
                            <div class="pinterest"></div>
                        </div>
                    </div>
                    <div class="col-xs-12 col-sm-6 col-md-4">
                        <img src="../Assets/images/our-team-1.jpg">
                        <h4>Uku Mason</h4>
                        <div class="role">Graphic Designer</div>
                        <div>
                            <div class="facebook"></div>
                            <div class="pinterest"></div>
                        </div>
                    </div>
                </div>
                <div class="row">
                    <div class="col-xs-12 col-md-6 col-md-offset-3 our-team-bottom-text">Proin iaculis purus consequat sem cure digni ssim donec porttitora entum suscipit aenean rhoncus posuere odio in tincidunt proin iaculis.</div>
                </div>
            </div>
        </div>
    </section>
    <section class="clients-container text-center">
        <div class="container clients-content">
            <div class="row clients">
                <div class="col-xs-6 col-sm-6 col-md-3">
                    <img src="../Assets/images/envato.png" alt="">
                </div>
                <div class="col-xs-6 col-sm-6 col-md-3">
                    <img src="../Assets/images/wordpress.png" alt="">
                </div>
                <div class="col-xs-6 col-sm-6 col-md-3">
                    <img src="../Assets/images/tuts.png" alt="">
                </div>
                <div class="col-xs-6 col-sm-6 col-md-3">
                    <img src="../Assets/images/microlancer.png" alt="">
                </div>
            </div>
        </div>
    </section>
    <section class="contact-us-container text-center">
        <div class="container contact-us-content">
            <div class="row">
                <div class="title">Our Amazing Team</div>
                <div class="sub-title">Lorem ipsum dolorem quid quo</div>
            </div>
            <div class="row contact-us">
                <div class="col-xs-12 col-sm-6 col-md-5 col-md-offset-1">
                    <div class="form-group">
                        <input type="email" class="form-control" id="inputEmail" placeholder="EMAIL *">
                    </div>
                    <div class="form-group">
                        <input type="password" class="form-control" id="inputPassword" placeholder="PASSWORD *">
                    </div>
                    <div class="form-group">
                        <input type="text" class="form-control" id="inputSubject" placeholder="SUBJECT">
                    </div>
                </div>
                <div class="col-xs-12 col-sm-6 col-md-5">
                    <div class="form-group">
                        <textarea rows="9" class="form-control" id="inputMessage" placeholder="YOUR MESSAGE *"></textarea>
                    </div>
                </div>
                <a href="#" class="col-xs-10 col-xs-offset-1 col-sm-4 col-sm-offset-4 col-md-2 col-md-offset-5 contact-us-button">Send Message</a>
            </div>
        </div>
    </section>
    <section class="footer-container">
        <div class="container footer-content">
            <div class="row footer">
                <div class="col-xs-12 col-sm-6 col-md-4 copyright">
                    <div class="row">
                        <div class="col-xs-12">© Copyright 2014 FreebiesXpress.com</div>
                        <div class="col-xs-12">© Copyright 2017 Implemented by Marko Simundza</div>

                    </div>
                </div>
                <div class="col-xs-12 col-sm-6 col-md-4 text-center share-icons">
                    <div class="twitter-f"></div>
                    <div class="facebook-f"></div>
                    <div class="pinterest-f"></div>
                    <div class="google-f"></div>
                </div>
            </div>
    </section>
    <script src="https://ajax.googleapis.com/ajax/libs/jquery/1.12.4/jquery.min.js "></script>
    <script src="https://maxcdn.bootstrapcdn.com/bootstrap/3.3.7/js/bootstrap.min.js "></script>
</body>

</html>
